---
source: fastn-p1/src/lib.rs
expression: "fastn_p1::ParseOutput::new(\"foo\", &s)"
input_file: fastn-p1/t/000-tutorial.ftd
---
doc_name: foo
module_doc:
  start: 51
  end: 220
items:
  - span:
      start: 0
      end: 50
    value: Comment
  - span:
      start: 221
      end: 283
    value: Comment
  - span:
      start: 285
      end: 320
    value:
      Error: UnexpectedDocComment
line_starts: []
